---
source: crates/ruff_linter/src/rules/flake8_unused_arguments/mod.rs
---
ARG.py:28:8: ARG005 [*] Unused lambda argument: `x`
   |
26 | # Unused arguments on lambdas.
27 | ###
28 | lambda x: print("Hello, world!")
   |        ^ ARG005
29 | 
30 | lambda: print("Hello, world!")
   |
   = help: Remove argument: `x`

â„¹ Unsafe fix
25 25 | ###
26 26 | # Unused arguments on lambdas.
27 27 | ###
28    |-lambda x: print("Hello, world!")
   28 |+lambda : print("Hello, world!")
29 29 | 
30 30 | lambda: print("Hello, world!")
31 31 |
